[     532ms] [ERROR] Failed to load resource: the server responded with a status of 403 () @ https://www.figma.com/design/T3m8c3Wkpn2WUyjGqDJoAS/%EB%B0%95%EC%A3%BC%EC%97%B0?node-id=677-2&t=uaAcYdwRmcJ3aaAe-1:0
[     558ms] [LOG] Running frontend commit 676bd5bf1127d544bd63db31dea851407483657c @ https://www.figma.com/design/T3m8c3Wkpn2WUyjGqDJoAS/%EB%B0%95%EC%A3%BC%EC%97%B0?node-id=677-2&t=uaAcYdwRmcJ3aaAe-1:492
[    4614ms] [WARNING] The resource https://www.figma.com/i18n-artifacts/locales/94f19ee5641fdc4f18742d4c25736b0fe3cda21e was preloaded using link preload but not used within a few seconds from the window's load event. Please make sure it has an appropriate `as` value and it is preloaded intentionally. @ https://www.figma.com/design/T3m8c3Wkpn2WUyjGqDJoAS/%EB%B0%95%EC%A3%BC%EC%97%B0?node-id=677-2&t=uaAcYdwRmcJ3aaAe-1:0
[    9428ms] [WARNING] The resource https://www.figma.com/i18n-artifacts/locales/94f19ee5641fdc4f18742d4c25736b0fe3cda21e was preloaded using link preload but not used within a few seconds from the window's load event. Please make sure it has an appropriate `as` value and it is preloaded intentionally. @ https://www.figma.com/design/T3m8c3Wkpn2WUyjGqDJoAS/%EB%B0%95%EC%A3%BC%EC%97%B0?node-id=677-2&t=uaAcYdwRmcJ3aaAe-1:0
[   14462ms] [WARNING] The resource https://www.figma.com/i18n-artifacts/locales/94f19ee5641fdc4f18742d4c25736b0fe3cda21e was preloaded using link preload but not used within a few seconds from the window's load event. Please make sure it has an appropriate `as` value and it is preloaded intentionally. @ https://www.figma.com/design/T3m8c3Wkpn2WUyjGqDJoAS/%EB%B0%95%EC%A3%BC%EC%97%B0?node-id=677-2&t=uaAcYdwRmcJ3aaAe-1:0
[   18358ms] [ERROR] Cross-Origin-Opener-Policy policy would block the window.closed call. @ https://www.figma.com/webpack-artifacts/assets/request_permissions-f4fb5ccdfd34abcd.min.js.br:774
[   18358ms] [ERROR] Cross-Origin-Opener-Policy policy would block the window.closed call. @ https://www.figma.com/webpack-artifacts/assets/request_permissions-f4fb5ccdfd34abcd.min.js.br:774
[   24459ms] [WARNING] The resource https://www.figma.com/i18n-artifacts/locales/94f19ee5641fdc4f18742d4c25736b0fe3cda21e was preloaded using link preload but not used within a few seconds from the window's load event. Please make sure it has an appropriate `as` value and it is preloaded intentionally. @ https://www.figma.com/design/T3m8c3Wkpn2WUyjGqDJoAS/%EB%B0%95%EC%A3%BC%EC%97%B0?node-id=677-2&t=uaAcYdwRmcJ3aaAe-1:0
[   39427ms] [WARNING] The resource https://www.figma.com/i18n-artifacts/locales/94f19ee5641fdc4f18742d4c25736b0fe3cda21e was preloaded using link preload but not used within a few seconds from the window's load event. Please make sure it has an appropriate `as` value and it is preloaded intentionally. @ https://www.figma.com/design/T3m8c3Wkpn2WUyjGqDJoAS/%EB%B0%95%EC%A3%BC%EC%97%B0?node-id=677-2&t=uaAcYdwRmcJ3aaAe-1:0
[   74440ms] [WARNING] The resource https://www.figma.com/i18n-artifacts/locales/94f19ee5641fdc4f18742d4c25736b0fe3cda21e was preloaded using link preload but not used within a few seconds from the window's load event. Please make sure it has an appropriate `as` value and it is preloaded intentionally. @ https://www.figma.com/design/T3m8c3Wkpn2WUyjGqDJoAS/%EB%B0%95%EC%A3%BC%EC%97%B0?node-id=677-2&t=uaAcYdwRmcJ3aaAe-1:0
[   84821ms] [ERROR] Cross-Origin-Opener-Policy policy would block the window.closed call. @ https://www.figma.com/webpack-artifacts/assets/request_permissions-f4fb5ccdfd34abcd.min.js.br:774
[   84821ms] [ERROR] Cross-Origin-Opener-Policy policy would block the window.closed call. @ https://www.figma.com/webpack-artifacts/assets/request_permissions-f4fb5ccdfd34abcd.min.js.br:774
[   89146ms] [LOG] Running frontend commit 676bd5bf1127d544bd63db31dea851407483657c @ https://www.figma.com/design/T3m8c3Wkpn2WUyjGqDJoAS/%EB%B0%95%EC%A3%BC%EC%97%B0?node-id=677-2&t=uaAcYdwRmcJ3aaAe-1&fuid=1639192412252466612:666
[   90768ms] [WARNING] Statsig is not ready to log exposures, will retry in 1 seconds @ https://www.figma.com/webpack-artifacts/assets/vendor-core-06f91ddf4d5160d5.min.js.br:53
[   90770ms] [ERROR] Failed to load resource: the server responded with a status of 403 (Forbidden) @ https://browser-intake-datadoghq.com/api/v2/rum:0
[   90871ms] [LOG] Loaded 201 scripts (12392598b), 55 from cache (2018554b) @ https://www.figma.com/webpack-artifacts/assets/vendor-core-06f91ddf4d5160d5.min.js.br:53
[   91031ms] [LOG] [import] git: 11d220ca9731b52ffd408f3361d39a7575f01a76, stamp: E08D9DD031BE7696 @ https://www.figma.com/webpack-artifacts/assets/vendor-core-06f91ddf4d5160d5.min.js.br:53
[   91033ms] [INFO] Autosave Changes not available or already claimed by another tab undefined @ https://www.figma.com/webpack-artifacts/assets/vendor-core-06f91ddf4d5160d5.min.js.br:53
[   91615ms] [WARNING] The powerPreference option is currently ignored when calling requestAdapter() on Windows. See https://crbug.com/369219127 @ https://www.figma.com/webpack-artifacts/assets/643-426c2b7b273ea60d.min.js.br:26
[   91882ms] [INFO] [Fullscreen] Booting... (emscripten version 4.0.21) @ https://www.figma.com/webpack-artifacts/assets/vendor-core-06f91ddf4d5160d5.min.js.br:53
[   91956ms] [INFO] [GPU] graphicsAPI:"WebGPU", vendor:"Google Inc. (NVIDIA)" renderer:"ANGLE (NVIDIA, NVIDIA GeForce GTX 1660 SUPER (0x000021C4) Direct3D11 vs_5_0 ps_5_0, D3D11)" deviceArchitecture:"turing" deviceDescription:"" webGPUDevice:"" webGPUVendor:"nvidia" bindings:"emdawnwebgpu" @ https://www.figma.com/webpack-artifacts/assets/vendor-core-06f91ddf4d5160d5.min.js.br:53
[   91959ms] [LOG] [Fullscreen] Ready in 345.6ms @ https://www.figma.com/webpack-artifacts/assets/vendor-core-06f91ddf4d5160d5.min.js.br:53
[   91962ms] [WARNING] The powerPreference option is currently ignored when calling requestAdapter() on Windows. See https://crbug.com/369219127 @ https://www.figma.com/webpack-artifacts/assets/643-426c2b7b273ea60d.min.js.br:26
[   92116ms] [INFO] [FullscreenApp] calling setEditorTheme and setting preference light @ https://www.figma.com/webpack-artifacts/assets/vendor-core-06f91ddf4d5160d5.min.js.br:53
[   92149ms] [INFO] [MultiplayerSession] connecting to wss://www.figma.com/api/multiplayer/T3m8c3Wkpn2WUyjGqDJoAS?role=editor&tracking_session_id=K2GtbraEn6JGBtg4&version=222&recentReload=0&file-load-streaming-compression=&scenegraph-queries-initial-nodes=677%3A2&user-id=1639192412252466612&client_release=676bd5bf1127d544bd63db31dea851407483657c&force-dpl-journaled-reconnect=1 @ https://www.figma.com/webpack-artifacts/assets/vendor-core-06f91ddf4d5160d5.min.js.br:53
[   92161ms] [INFO] [MultiplayerSession] Joining file version 106 (initial load) @ https://www.figma.com/webpack-artifacts/assets/vendor-core-06f91ddf4d5160d5.min.js.br:53
[   92785ms] [WARNING] Canvas2D: Multiple readback operations using getImageData are faster with the willReadFrequently attribute set to true. See: https://html.spec.whatwg.org/multipage/canvas.html#concept-canvas-will-read-frequently @ https://static.figma.com/fullscreen/4d17709a70715c696803f375fc91a2931d91181a/fullscreen-harfbuzz-12-3-0/compiled_wasm.js.br:1
[   92808ms] [INFO] afterJoinEnd PageSyncing: Loaded incrementally {loaded_pages: 677:2} @ https://www.figma.com/webpack-artifacts/assets/vendor-core-06f91ddf4d5160d5.min.js.br:53
[   92818ms] [INFO] [FullscreenApp] calling setEditorTheme and setting preference light @ https://www.figma.com/webpack-artifacts/assets/vendor-core-06f91ddf4d5160d5.min.js.br:53
[   93834ms] [LOG] [Fullscreen] loadtime=5.56s maxmem=33117408 @ https://www.figma.com/webpack-artifacts/assets/vendor-core-06f91ddf4d5160d5.min.js.br:53
